Category: 📺央视频道, Name: CCTV-1, Total: 44, Valid: 13, Valid Percent: 29.55%, IPv4: 44, IPv6: 0, Min Delay: 53 ms, Max Speed: 4.71 M/s, Avg Speed: 1.03 M/s, Max Resolution: 1920x1080
Category: 📺央视频道, Name: CCTV-2, Total: 46, Valid: 18, Valid Percent: 39.13%, IPv4: 46, IPv6: 0, Min Delay: 87 ms, Max Speed: 7.05 M/s, Avg Speed: 1.62 M/s, Max Resolution: 1920x1080
Category: 📺央视频道, Name: CCTV-3, Total: 50, Valid: 13, Valid Percent: 26.00%, IPv4: 50, IPv6: 0, Min Delay: 608 ms, Max Speed: 4.40 M/s, Avg Speed: 1.25 M/s, Max Resolution: 1920x1080
Category: 📺央视频道, Name: CCTV-4, Total: 50, Valid: 18, Valid Percent: 36.00%, IPv4: 50, IPv6: 0, Min Delay: 608 ms, Max Speed: 4.63 M/s, Avg Speed: 1.29 M/s, Max Resolution: 1920x1080
Category: 📺央视频道, Name: CCTV-5, Total: 44, Valid: 12, Valid Percent: 27.27%, IPv4: 44, IPv6: 0, Min Delay: 666 ms, Max Speed: 4.57 M/s, Avg Speed: 0.86 M/s, Max Resolution: 1920x1080
Category: 📺央视频道, Name: CCTV-5+, Total: 28, Valid: 10, Valid Percent: 35.71%, IPv4: 28, IPv6: 0, Min Delay: 676 ms, Max Speed: 4.78 M/s, Avg Speed: 1.13 M/s, Max Resolution: 1920x1080
Category: 📺央视频道, Name: CCTV-6, Total: 48, Valid: 18, Valid Percent: 37.50%, IPv4: 48, IPv6: 0, Min Delay: 575 ms, Max Speed: 2.59 M/s, Avg Speed: 0.94 M/s, Max Resolution: 1920x1080
Category: 📺央视频道, Name: CCTV-7, Total: 38, Valid: 14, Valid Percent: 36.84%, IPv4: 38, IPv6: 0, Min Delay: 567 ms, Max Speed: 4.56 M/s, Avg Speed: 1.30 M/s, Max Resolution: 1920x1080
Category: 📺央视频道, Name: CCTV-8, Total: 41, Valid: 17, Valid Percent: 41.46%, IPv4: 41, IPv6: 0, Min Delay: 520 ms, Max Speed: 4.79 M/s, Avg Speed: 1.03 M/s, Max Resolution: 1920x1080
Category: 📺央视频道, Name: CCTV-9, Total: 38, Valid: 10, Valid Percent: 26.32%, IPv4: 38, IPv6: 0, Min Delay: 692 ms, Max Speed: 4.77 M/s, Avg Speed: 1.87 M/s, Max Resolution: 1920x1080
Category: 📺央视频道, Name: CCTV-10, Total: 42, Valid: 14, Valid Percent: 33.33%, IPv4: 42, IPv6: 0, Min Delay: 603 ms, Max Speed: 4.58 M/s, Avg Speed: 1.54 M/s, Max Resolution: 1920x1080
Category: 📺央视频道, Name: CCTV-11, Total: 38, Valid: 9, Valid Percent: 23.68%, IPv4: 38, IPv6: 0, Min Delay: 556 ms, Max Speed: 2.39 M/s, Avg Speed: 0.67 M/s, Max Resolution: 1920x1080
Category: 📺央视频道, Name: CCTV-12, Total: 34, Valid: 11, Valid Percent: 32.35%, IPv4: 34, IPv6: 0, Min Delay: 504 ms, Max Speed: 2.00 M/s, Avg Speed: 0.34 M/s, Max Resolution: 1920x1080
Category: 📺央视频道, Name: CCTV-13, Total: 42, Valid: 10, Valid Percent: 23.81%, IPv4: 42, IPv6: 0, Min Delay: 599 ms, Max Speed: 2.50 M/s, Avg Speed: 0.89 M/s, Max Resolution: 1920x1080
Category: 📺央视频道, Name: CCTV-14, Total: 41, Valid: 13, Valid Percent: 31.71%, IPv4: 41, IPv6: 0, Min Delay: 396 ms, Max Speed: 4.69 M/s, Avg Speed: 1.09 M/s, Max Resolution: 1920x1080
Category: 📺央视频道, Name: CCTV-15, Total: 47, Valid: 12, Valid Percent: 25.53%, IPv4: 47, IPv6: 0, Min Delay: 540 ms, Max Speed: 4.67 M/s, Avg Speed: 1.17 M/s, Max Resolution: 1920x1080
Category: 📺央视频道, Name: CCTV-16, Total: 19, Valid: 5, Valid Percent: 26.32%, IPv4: 19, IPv6: 0, Min Delay: 401 ms, Max Speed: 0.50 M/s, Avg Speed: 0.16 M/s, Max Resolution: 1920x1080
Category: 📺央视频道, Name: CCTV-17, Total: 25, Valid: 9, Valid Percent: 36.00%, IPv4: 25, IPv6: 0, Min Delay: 38 ms, Max Speed: 147.01 M/s, Avg Speed: 17.43 M/s, Max Resolution: 1920x1080
Category: 📺央视频道, Name: CETV-1, Total: 31, Valid: 2, Valid Percent: 6.45%, IPv4: 31, IPv6: 0, Min Delay: 758 ms, Max Speed: 6.79 M/s, Avg Speed: 6.78 M/s, Max Resolution: 1920x1080
Category: 📺央视频道, Name: CETV-2, Total: 19, Valid: 2, Valid Percent: 10.53%, IPv4: 19, IPv6: 0, Min Delay: 676 ms, Max Speed: 4.01 M/s, Avg Speed: 3.98 M/s, Max Resolution: 1920x1080
Category: 📺央视频道, Name: CETV-3, Total: 5, Valid: 2, Valid Percent: 40.00%, IPv4: 5, IPv6: 0, Min Delay: 627 ms, Max Speed: 4.09 M/s, Avg Speed: 4.05 M/s, Max Resolution: 720x576
Category: 📺央视频道, Name: CETV-4, Total: 23, Valid: 2, Valid Percent: 8.70%, IPv4: 23, IPv6: 0, Min Delay: 656 ms, Max Speed: 4.02 M/s, Avg Speed: 3.99 M/s, Max Resolution: 720x576
Category: 📡卫视频道, Name: 广东卫视, Total: 34, Valid: 11, Valid Percent: 32.35%, IPv4: 34, IPv6: 0, Min Delay: 711 ms, Max Speed: 4.65 M/s, Avg Speed: 1.55 M/s, Max Resolution: 1920x1080
Category: 📡卫视频道, Name: 香港卫视, Total: 7, Valid: 0, Valid Percent: 0.00%, IPv4: 7, IPv6: 0, Min Delay: -1 ms, Max Speed: 0.00 M/s, Avg Speed: 0.00 M/s, Max Resolution: None
Category: 📡卫视频道, Name: 浙江卫视, Total: 39, Valid: 17, Valid Percent: 43.59%, IPv4: 39, IPv6: 0, Min Delay: 705 ms, Max Speed: 4.65 M/s, Avg Speed: 1.27 M/s, Max Resolution: 1920x1080
Category: 📡卫视频道, Name: 湖南卫视, Total: 39, Valid: 16, Valid Percent: 41.03%, IPv4: 39, IPv6: 0, Min Delay: 417 ms, Max Speed: 4.82 M/s, Avg Speed: 1.16 M/s, Max Resolution: 3840x2160
Category: 📡卫视频道, Name: 北京卫视, Total: 36, Valid: 13, Valid Percent: 36.11%, IPv4: 36, IPv6: 0, Min Delay: 35 ms, Max Speed: 4.74 M/s, Avg Speed: 1.72 M/s, Max Resolution: 1920x1080
Category: 📡卫视频道, Name: 湖北卫视, Total: 34, Valid: 11, Valid Percent: 32.35%, IPv4: 34, IPv6: 0, Min Delay: 682 ms, Max Speed: 4.78 M/s, Avg Speed: 1.73 M/s, Max Resolution: 1920x1080
Category: 📡卫视频道, Name: 黑龙江卫视, Total: 28, Valid: 12, Valid Percent: 42.86%, IPv4: 28, IPv6: 0, Min Delay: 712 ms, Max Speed: 4.73 M/s, Avg Speed: 1.73 M/s, Max Resolution: 1920x1080
Category: 📡卫视频道, Name: 安徽卫视, Total: 31, Valid: 15, Valid Percent: 48.39%, IPv4: 31, IPv6: 0, Min Delay: 400 ms, Max Speed: 4.82 M/s, Avg Speed: 0.89 M/s, Max Resolution: 1920x1080
Category: 📡卫视频道, Name: 重庆卫视, Total: 34, Valid: 14, Valid Percent: 41.18%, IPv4: 34, IPv6: 0, Min Delay: 406 ms, Max Speed: 4.80 M/s, Avg Speed: 1.45 M/s, Max Resolution: 1920x1080
Category: 📡卫视频道, Name: 东方卫视, Total: 33, Valid: 13, Valid Percent: 39.39%, IPv4: 33, IPv6: 0, Min Delay: 685 ms, Max Speed: 4.82 M/s, Avg Speed: 1.73 M/s, Max Resolution: 1920x1080
Category: 📡卫视频道, Name: 东南卫视, Total: 25, Valid: 9, Valid Percent: 36.00%, IPv4: 25, IPv6: 0, Min Delay: 415 ms, Max Speed: 4.82 M/s, Avg Speed: 1.68 M/s, Max Resolution: 1920x1080
Category: 📡卫视频道, Name: 甘肃卫视, Total: 18, Valid: 6, Valid Percent: 33.33%, IPv4: 18, IPv6: 0, Min Delay: 518 ms, Max Speed: 1.56 M/s, Avg Speed: 0.36 M/s, Max Resolution: 1920x1080
Category: 📡卫视频道, Name: 广西卫视, Total: 32, Valid: 14, Valid Percent: 43.75%, IPv4: 32, IPv6: 0, Min Delay: 686 ms, Max Speed: 4.78 M/s, Avg Speed: 1.48 M/s, Max Resolution: 1920x1080
Category: 📡卫视频道, Name: 贵州卫视, Total: 29, Valid: 11, Valid Percent: 37.93%, IPv4: 29, IPv6: 0, Min Delay: 686 ms, Max Speed: 4.77 M/s, Avg Speed: 1.82 M/s, Max Resolution: 1920x1080
Category: 📡卫视频道, Name: 海南卫视, Total: 19, Valid: 5, Valid Percent: 26.32%, IPv4: 19, IPv6: 0, Min Delay: 771 ms, Max Speed: 6.73 M/s, Avg Speed: 1.48 M/s, Max Resolution: 1920x1080
Category: 📡卫视频道, Name: 河北卫视, Total: 27, Valid: 13, Valid Percent: 48.15%, IPv4: 27, IPv6: 0, Min Delay: 714 ms, Max Speed: 4.64 M/s, Avg Speed: 1.53 M/s, Max Resolution: 1920x1080
Category: 📡卫视频道, Name: 河南卫视, Total: 32, Valid: 13, Valid Percent: 40.62%, IPv4: 32, IPv6: 0, Min Delay: 129 ms, Max Speed: 9.14 M/s, Avg Speed: 1.98 M/s, Max Resolution: 1920x1080
Category: 📡卫视频道, Name: 吉林卫视, Total: 27, Valid: 13, Valid Percent: 48.15%, IPv4: 27, IPv6: 0, Min Delay: 476 ms, Max Speed: 4.45 M/s, Avg Speed: 1.00 M/s, Max Resolution: 1920x1080
Category: 📡卫视频道, Name: 江苏卫视, Total: 34, Valid: 14, Valid Percent: 41.18%, IPv4: 34, IPv6: 0, Min Delay: 706 ms, Max Speed: 4.81 M/s, Avg Speed: 1.74 M/s, Max Resolution: 1920x1080
Category: 📡卫视频道, Name: 江西卫视, Total: 35, Valid: 12, Valid Percent: 34.29%, IPv4: 35, IPv6: 0, Min Delay: 702 ms, Max Speed: 4.82 M/s, Avg Speed: 0.90 M/s, Max Resolution: 1920x1080
Category: 📡卫视频道, Name: 辽宁卫视, Total: 31, Valid: 13, Valid Percent: 41.94%, IPv4: 31, IPv6: 0, Min Delay: 689 ms, Max Speed: 4.78 M/s, Avg Speed: 1.48 M/s, Max Resolution: 1920x1080
Category: 📡卫视频道, Name: 内蒙古卫视, Total: 25, Valid: 11, Valid Percent: 44.00%, IPv4: 25, IPv6: 0, Min Delay: 43 ms, Max Speed: 126.53 M/s, Avg Speed: 22.42 M/s, Max Resolution: 1920x1080
Category: 📡卫视频道, Name: 宁夏卫视, Total: 21, Valid: 10, Valid Percent: 47.62%, IPv4: 21, IPv6: 0, Min Delay: 38 ms, Max Speed: 138.12 M/s, Avg Speed: 26.86 M/s, Max Resolution: 1920x1080
Category: 📡卫视频道, Name: 青海卫视, Total: 16, Valid: 5, Valid Percent: 31.25%, IPv4: 16, IPv6: 0, Min Delay: 707 ms, Max Speed: 4.83 M/s, Avg Speed: 2.87 M/s, Max Resolution: 1920x1080
Category: 📡卫视频道, Name: 山东卫视, Total: 28, Valid: 13, Valid Percent: 46.43%, IPv4: 28, IPv6: 0, Min Delay: 710 ms, Max Speed: 4.66 M/s, Avg Speed: 1.04 M/s, Max Resolution: 1920x1080
Category: 📡卫视频道, Name: 山西卫视, Total: 26, Valid: 10, Valid Percent: 38.46%, IPv4: 26, IPv6: 0, Min Delay: 38 ms, Max Speed: 148.05 M/s, Avg Speed: 26.56 M/s, Max Resolution: 1920x1080
Category: 📡卫视频道, Name: 陕西卫视, Total: 29, Valid: 11, Valid Percent: 37.93%, IPv4: 29, IPv6: 0, Min Delay: 86 ms, Max Speed: 59.17 M/s, Avg Speed: 7.63 M/s, Max Resolution: 1920x1080
Category: 📡卫视频道, Name: 四川卫视, Total: 37, Valid: 15, Valid Percent: 40.54%, IPv4: 37, IPv6: 0, Min Delay: 32 ms, Max Speed: 135.64 M/s, Avg Speed: 9.83 M/s, Max Resolution: 1920x1080
Category: 📡卫视频道, Name: 深圳卫视, Total: 26, Valid: 15, Valid Percent: 57.69%, IPv4: 26, IPv6: 0, Min Delay: 611 ms, Max Speed: 3.50 M/s, Avg Speed: 1.07 M/s, Max Resolution: 1920x1080
Category: 📡卫视频道, Name: 三沙卫视, Total: 9, Valid: 5, Valid Percent: 55.56%, IPv4: 9, IPv6: 0, Min Delay: 763 ms, Max Speed: 6.85 M/s, Avg Speed: 4.83 M/s, Max Resolution: 1920x1080
Category: 📡卫视频道, Name: 天津卫视, Total: 28, Valid: 15, Valid Percent: 53.57%, IPv4: 28, IPv6: 0, Min Delay: 704 ms, Max Speed: 4.68 M/s, Avg Speed: 1.05 M/s, Max Resolution: 1920x1080
Category: 📡卫视频道, Name: 西藏卫视, Total: 25, Valid: 7, Valid Percent: 28.00%, IPv4: 25, IPv6: 0, Min Delay: 39 ms, Max Speed: 131.19 M/s, Avg Speed: 20.16 M/s, Max Resolution: 1920x1080
Category: 📡卫视频道, Name: 新疆卫视, Total: 29, Valid: 8, Valid Percent: 27.59%, IPv4: 29, IPv6: 0, Min Delay: 39 ms, Max Speed: 136.32 M/s, Avg Speed: 19.36 M/s, Max Resolution: 1920x1080
Category: 📡卫视频道, Name: 云南卫视, Total: 25, Valid: 11, Valid Percent: 44.00%, IPv4: 25, IPv6: 0, Min Delay: 679 ms, Max Speed: 4.76 M/s, Avg Speed: 1.74 M/s, Max Resolution: 1920x1080
Category: ☘️广东频道, Name: 广东珠江, Total: 6, Valid: 2, Valid Percent: 33.33%, IPv4: 6, IPv6: 0, Min Delay: 10422 ms, Max Speed: 0.04 M/s, Avg Speed: 0.04 M/s, Max Resolution: 1920x1080
Category: ☘️广东频道, Name: 广东体育, Total: 5, Valid: 3, Valid Percent: 60.00%, IPv4: 5, IPv6: 0, Min Delay: 873 ms, Max Speed: 0.10 M/s, Avg Speed: 0.05 M/s, Max Resolution: 1280x720
Category: ☘️广东频道, Name: 广东新闻, Total: 3, Valid: 0, Valid Percent: 0.00%, IPv4: 3, IPv6: 0, Min Delay: -1 ms, Max Speed: 0.00 M/s, Avg Speed: 0.00 M/s, Max Resolution: None
Category: ☘️广东频道, Name: 广州综合, Total: 2, Valid: 2, Valid Percent: 100.00%, IPv4: 2, IPv6: 0, Min Delay: 1560 ms, Max Speed: 0.51 M/s, Avg Speed: 0.47 M/s, Max Resolution: 1280x720
Category: ☘️广东频道, Name: 广东民生, Total: 2, Valid: 1, Valid Percent: 50.00%, IPv4: 2, IPv6: 0, Min Delay: 10622 ms, Max Speed: 0.02 M/s, Avg Speed: 0.02 M/s, Max Resolution: None
Category: ☘️广东频道, Name: 大湾区卫视, Total: 6, Valid: 3, Valid Percent: 50.00%, IPv4: 6, IPv6: 0, Min Delay: 10259 ms, Max Speed: 0.68 M/s, Avg Speed: 0.25 M/s, Max Resolution: 1920x1080
Category: ☘️广东频道, Name: 广州影视, Total: 1, Valid: 0, Valid Percent: 0.00%, IPv4: 1, IPv6: 0, Min Delay: -1 ms, Max Speed: 0.00 M/s, Avg Speed: 0.00 M/s, Max Resolution: None
